app/api/tournaments/[id]/groups/route.ts(18,55): error TS2339: Property 'phase' does not exist on type '{ id: any; tournament_id: any; team1_id: any; team2_id: any; winner_id: any; team1_score: any; team2_score: any; round: any; state: any; created_at: any; scheduled_time: any; team1: { name: any; logo_url: any; }[]; team2: { ...; }[]; winner: { ...; }[]; }'.
app/tournament/[id]/brackets/page.tsx(226,38): error TS2339: Property 'phase' does not exist on type 'Match'.
app/tournament/[id]/brackets/page.tsx(226,69): error TS2339: Property 'phase' does not exist on type 'Match'.
app/tournament/[id]/brackets/page.tsx(227,40): error TS2719: Type 'Match[]' is not assignable to type 'Match[]'. Two different types with this name exist, but they are unrelated.
  Type 'Match' is missing the following properties from type 'Match': phase, match_format
